src/app/components/BottomNav.tsx(2,30): error TS6133: 'Music' is declared but its value is never read.
src/app/components/CursorTrail.tsx(60,27): error TS6133: 'index' is declared but its value is never read.
src/app/components/MilkAndMochaBear.tsx(39,7): error TS2322: Type '{ initial: { scale: number; rotate: number; }; animate: { scale: number; rotate: number; transition: { type: string; stiffness: number; damping: number; }; }; hover: { scale: number; rotate: number[]; transition: { ...; }; }; } | { ...; }' is not assignable to type 'Variants | undefined'.
  Type '{ initial: { scale: number; rotate: number; }; animate: { scale: number; rotate: number; transition: { type: string; stiffness: number; damping: number; }; }; hover: { scale: number; rotate: number[]; transition: { ...; }; }; }' is not assignable to type 'Variants'.
    Property 'animate' is incompatible with index signature.
      Type '{ scale: number; rotate: number; transition: { type: string; stiffness: number; damping: number; }; }' is not assignable to type 'Variant'.
        Type '{ scale: number; rotate: number; transition: { type: string; stiffness: number; damping: number; }; }' is not assignable to type 'TargetAndTransition'.
          Type '{ scale: number; rotate: number; transition: { type: string; stiffness: number; damping: number; }; }' is not assignable to type '{ transition?: Transition<any> | undefined; transitionEnd?: ResolvedValues$1 | undefined; }'.
            Types of property 'transition' are incompatible.
              Type '{ type: string; stiffness: number; damping: number; }' is not assignable to type 'Transition<any> | undefined'.
                Type '{ type: string; stiffness: number; damping: number; }' is not assignable to type 'TransitionWithValueOverrides<any>'.
                  Type '{ type: string; stiffness: number; damping: number; }' is not assignable to type 'ValueAnimationTransition<any>'.
                    Types of property 'type' are incompatible.
                      Type 'string' is not assignable to type 'AnimationGeneratorType | undefined'.
src/app/components/SwipeableCard.tsx(25,26): error TS6133: 'event' is declared but its value is never read.
src/app/components/ui/Layout.tsx(5,1): error TS6133: 'useSound' is declared but its value is never read.
src/app/components/ui/Layout.tsx(17,18): error TS6133: 'setVolume' is declared but its value is never read.
src/app/pages/EnhancedCakePage.tsx(1,32): error TS6133: 'stagger' is declared but its value is never read.
src/app/pages/EnhancedCakePage.tsx(2,28): error TS6133: 'useEffect' is declared but its value is never read.
src/app/pages/ReasonsGrid.tsx(2,18): error TS6133: 'AnimatePresence' is declared but its value is never read.
src/app/pages/Timeline.tsx(3,23): error TS6133: 'MapPin' is declared but its value is never read.
